
149. Printing statistics.

=== top ===

   Number of wires:               4842
   Number of wire bits:           4896
   Number of public wires:         180
   Number of public wire bits:     234
   Number of memories:               0
   Number of memory bits:            0
   Number of processes:              0
   Number of cells:               4867
     sky130_fd_sc_hd__a211o_2       32
     sky130_fd_sc_hd__a21bo_2        7
     sky130_fd_sc_hd__a21boi_2      35
     sky130_fd_sc_hd__a21o_2        91
     sky130_fd_sc_hd__a21o_4         1
     sky130_fd_sc_hd__a21oi_2       97
     sky130_fd_sc_hd__a21oi_4        2
     sky130_fd_sc_hd__a221o_2        1
     sky130_fd_sc_hd__a221oi_2       2
     sky130_fd_sc_hd__a22o_2        53
     sky130_fd_sc_hd__a2bb2oi_2      1
     sky130_fd_sc_hd__a311o_2        5
     sky130_fd_sc_hd__a31o_2        31
     sky130_fd_sc_hd__a31oi_2        1
     sky130_fd_sc_hd__and2_2       106
     sky130_fd_sc_hd__and2_4         5
     sky130_fd_sc_hd__and2b_2       32
     sky130_fd_sc_hd__and3_2        21
     sky130_fd_sc_hd__and3b_2        1
     sky130_fd_sc_hd__buf_1         98
     sky130_fd_sc_hd__buf_12         2
     sky130_fd_sc_hd__buf_2          9
     sky130_fd_sc_hd__buf_4         18
     sky130_fd_sc_hd__buf_6         16
     sky130_fd_sc_hd__buf_8          3
     sky130_fd_sc_hd__bufinv_8       2
     sky130_fd_sc_hd__dfxtp_2      204
     sky130_fd_sc_hd__inv_2        576
     sky130_fd_sc_hd__inv_4          2
     sky130_fd_sc_hd__inv_6          1
     sky130_fd_sc_hd__mux2_2         4
     sky130_fd_sc_hd__nand2_2     1924
     sky130_fd_sc_hd__nand2_4        9
     sky130_fd_sc_hd__nand2_8        1
     sky130_fd_sc_hd__nand2b_2      18
     sky130_fd_sc_hd__nand3_2      491
     sky130_fd_sc_hd__nand3_4        3
     sky130_fd_sc_hd__nand3b_2      84
     sky130_fd_sc_hd__nand3b_4       6
     sky130_fd_sc_hd__nor2_2       263
     sky130_fd_sc_hd__nor2_4         3
     sky130_fd_sc_hd__nor2b_2        4
     sky130_fd_sc_hd__nor3_2         4
     sky130_fd_sc_hd__o2111ai_2      1
     sky130_fd_sc_hd__o211a_2       64
     sky130_fd_sc_hd__o211ai_2      18
     sky130_fd_sc_hd__o21a_2        33
     sky130_fd_sc_hd__o21ai_2       95
     sky130_fd_sc_hd__o21ba_2        2
     sky130_fd_sc_hd__o221a_2       27
     sky130_fd_sc_hd__o22a_2         1
     sky130_fd_sc_hd__o22ai_2        1
     sky130_fd_sc_hd__o31a_2         5
     sky130_fd_sc_hd__o31ai_2        2
     sky130_fd_sc_hd__o41a_2         3
     sky130_fd_sc_hd__or2_2        174
     sky130_fd_sc_hd__or2_4         24
     sky130_fd_sc_hd__or2b_2        67
     sky130_fd_sc_hd__or3_2          8
     sky130_fd_sc_hd__or3_4          2
     sky130_fd_sc_hd__or3b_2         3
     sky130_fd_sc_hd__or3b_4         1
     sky130_fd_sc_hd__or4_2          4
     sky130_fd_sc_hd__or4_4          2
     sky130_fd_sc_hd__xnor2_2       18
     sky130_fd_sc_hd__xor2_2        42
     sky130_fd_sc_hd__xor2_4         1

   Chip area for module '\top': 37739.945600

