
===========================================================================
report_checks -unconstrained
===========================================================================
======================= Fastest Corner ===================================

Startpoint: _4750_ (rising edge-triggered flip-flop clocked by clk)
Endpoint: _4783_ (rising edge-triggered flip-flop clocked by clk)
Path Group: clk
Path Type: max
Corner: Fastest

Fanout     Cap    Slew   Delay    Time   Description
-----------------------------------------------------------------------------
                          0.00    0.00   clock clk (rise edge)
                          0.00    0.00   clock source latency
     1    0.04    0.12    0.09    0.09 ^ clk (in)
                                         clk (net)
                  0.12    0.00    0.09 ^ clkbuf_0_clk/A (sky130_fd_sc_hd__clkbuf_16)
    16    0.16    0.13    0.19    0.28 ^ clkbuf_0_clk/X (sky130_fd_sc_hd__clkbuf_16)
                                         clknet_0_clk (net)
                  0.13    0.00    0.29 ^ clkbuf_4_2_0_clk/A (sky130_fd_sc_hd__clkbuf_8)
    14    0.05    0.07    0.15    0.43 ^ clkbuf_4_2_0_clk/X (sky130_fd_sc_hd__clkbuf_8)
                                         clknet_4_2_0_clk (net)
                  0.07    0.00    0.43 ^ _4750_/CLK (sky130_fd_sc_hd__dfxtp_2)
     6    0.03    0.10    0.27    0.70 ^ _4750_/Q (sky130_fd_sc_hd__dfxtp_2)
                                         u_interface.u_compute_core.u_av.v_extended[6] (net)
                  0.10    0.00    0.70 ^ _3313_/A (sky130_fd_sc_hd__buf_2)
    10    0.04    0.14    0.17    0.87 ^ _3313_/X (sky130_fd_sc_hd__buf_2)
                                         _0551_ (net)
                  0.14    0.00    0.87 ^ _3445_/A (sky130_fd_sc_hd__clkbuf_4)
    10    0.04    0.09    0.17    1.04 ^ _3445_/X (sky130_fd_sc_hd__clkbuf_4)
                                         _0680_ (net)
                  0.09    0.00    1.04 ^ _3446_/B2 (sky130_fd_sc_hd__a22oi_1)
     1    0.00    0.06    0.05    1.09 v _3446_/Y (sky130_fd_sc_hd__a22oi_1)
                                         _0681_ (net)
                  0.06    0.00    1.09 v _3447_/B (sky130_fd_sc_hd__nor2_1)
     2    0.01    0.13    0.13    1.22 ^ _3447_/Y (sky130_fd_sc_hd__nor2_1)
                                         _0682_ (net)
                  0.13    0.00    1.22 ^ _3448_/B (sky130_fd_sc_hd__xnor2_1)
     2    0.01    0.08    0.10    1.31 v _3448_/Y (sky130_fd_sc_hd__xnor2_1)
                                         _0683_ (net)
                  0.08    0.00    1.31 v _3458_/A (sky130_fd_sc_hd__xnor2_2)
     2    0.02    0.20    0.21    1.53 ^ _3458_/Y (sky130_fd_sc_hd__xnor2_2)
                                         _0693_ (net)
                  0.20    0.00    1.53 ^ _3461_/B (sky130_fd_sc_hd__xnor2_2)
     2    0.01    0.07    0.06    1.59 v _3461_/Y (sky130_fd_sc_hd__xnor2_2)
                                         _0696_ (net)
                  0.07    0.00    1.59 v _3508_/A1 (sky130_fd_sc_hd__o21a_1)
     2    0.01    0.05    0.17    1.76 v _3508_/X (sky130_fd_sc_hd__o21a_1)
                                         _0742_ (net)
                  0.05    0.00    1.76 v _3509_/A (sky130_fd_sc_hd__xnor2_2)
     2    0.01    0.15    0.16    1.92 ^ _3509_/Y (sky130_fd_sc_hd__xnor2_2)
                                         _0743_ (net)
                  0.15    0.00    1.92 ^ _3528_/A2 (sky130_fd_sc_hd__a21o_1)
     3    0.01    0.07    0.12    2.04 ^ _3528_/X (sky130_fd_sc_hd__a21o_1)
                                         _0761_ (net)
                  0.07    0.00    2.04 ^ _3559_/A (sky130_fd_sc_hd__xor2_1)
     2    0.01    0.13    0.13    2.18 ^ _3559_/X (sky130_fd_sc_hd__xor2_1)
                                         _0792_ (net)
                  0.13    0.00    2.18 ^ _3602_/B (sky130_fd_sc_hd__and2_4)
     3    0.02    0.05    0.13    2.31 ^ _3602_/X (sky130_fd_sc_hd__and2_4)
                                         _0834_ (net)
                  0.05    0.00    2.31 ^ _3603_/D (sky130_fd_sc_hd__nand4_4)
     3    0.02    0.09    0.08    2.39 v _3603_/Y (sky130_fd_sc_hd__nand4_4)
                                         _0835_ (net)
                  0.09    0.00    2.39 v _3854_/A2 (sky130_fd_sc_hd__a311o_4)
     6    0.02    0.06    0.30    2.69 v _3854_/X (sky130_fd_sc_hd__a311o_4)
                                         _1080_ (net)
                  0.06    0.00    2.69 v _4155_/A1 (sky130_fd_sc_hd__a2111o_1)
     3    0.01    0.07    0.28    2.96 v _4155_/X (sky130_fd_sc_hd__a2111o_1)
                                         _1375_ (net)
                  0.07    0.00    2.96 v _4245_/A1 (sky130_fd_sc_hd__a211o_4)
     5    0.02    0.05    0.24    3.21 v _4245_/X (sky130_fd_sc_hd__a211o_4)
                                         _1464_ (net)
                  0.05    0.00    3.21 v _4438_/A1 (sky130_fd_sc_hd__a311o_1)
     3    0.01    0.07    0.21    3.42 v _4438_/X (sky130_fd_sc_hd__a311o_1)
                                         _1653_ (net)
                  0.07    0.00    3.42 v _4471_/A1 (sky130_fd_sc_hd__a311o_1)
     3    0.01    0.05    0.20    3.61 v _4471_/X (sky130_fd_sc_hd__a311o_1)
                                         _1685_ (net)
                  0.05    0.00    3.61 v _4474_/A (sky130_fd_sc_hd__and3_1)
     2    0.00    0.03    0.11    3.72 v _4474_/X (sky130_fd_sc_hd__and3_1)
                                         _1688_ (net)
                  0.03    0.00    3.72 v _4476_/A (sky130_fd_sc_hd__or2_4)
     2    0.01    0.04    0.16    3.89 v _4476_/X (sky130_fd_sc_hd__or2_4)
                                         _1690_ (net)
                  0.04    0.00    3.89 v _4482_/B (sky130_fd_sc_hd__or2_4)
     2    0.01    0.04    0.15    4.04 v _4482_/X (sky130_fd_sc_hd__or2_4)
                                         _1695_ (net)
                  0.04    0.00    4.04 v _4484_/C (sky130_fd_sc_hd__or3_4)
     2    0.01    0.05    0.22    4.26 v _4484_/X (sky130_fd_sc_hd__or3_4)
                                         _1697_ (net)
                  0.05    0.00    4.26 v _4519_/A1 (sky130_fd_sc_hd__a21oi_4)
     2    0.01    0.09    0.10    4.36 ^ _4519_/Y (sky130_fd_sc_hd__a21oi_4)
                                         _1730_ (net)
                  0.09    0.00    4.36 ^ _4524_/A3 (sky130_fd_sc_hd__o31ai_2)
     3    0.01    0.05    0.05    4.41 v _4524_/Y (sky130_fd_sc_hd__o31ai_2)
                                         _1735_ (net)
                  0.05    0.00    4.41 v _4529_/B (sky130_fd_sc_hd__and3_1)
     1    0.00    0.03    0.11    4.52 v _4529_/X (sky130_fd_sc_hd__and3_1)
                                         _1739_ (net)
                  0.03    0.00    4.52 v _4532_/A2 (sky130_fd_sc_hd__o311a_1)
     1    0.00    0.04    0.20    4.72 v _4532_/X (sky130_fd_sc_hd__o311a_1)
                                         _0148_ (net)
                  0.04    0.00    4.72 v _4783_/D (sky130_fd_sc_hd__dfxtp_1)
                                  4.72   data arrival time

                          4.00    4.00   clock clk (rise edge)
                          0.00    4.00   clock source latency
     1    0.04    0.12    0.08    4.08 ^ clk (in)
                                         clk (net)
                  0.12    0.00    4.08 ^ clkbuf_0_clk/A (sky130_fd_sc_hd__clkbuf_16)
    16    0.16    0.13    0.18    4.26 ^ clkbuf_0_clk/X (sky130_fd_sc_hd__clkbuf_16)
                                         clknet_0_clk (net)
                  0.13    0.00    4.26 ^ clkbuf_4_13_0_clk/A (sky130_fd_sc_hd__clkbuf_8)
     9    0.04    0.06    0.13    4.39 ^ clkbuf_4_13_0_clk/X (sky130_fd_sc_hd__clkbuf_8)
                                         clknet_4_13_0_clk (net)
                  0.06    0.00    4.39 ^ _4783_/CLK (sky130_fd_sc_hd__dfxtp_1)
                         -0.25    4.14   clock uncertainty
                          0.03    4.16   clock reconvergence pessimism
                         -0.07    4.09   library setup time
                                  4.09   data required time
-----------------------------------------------------------------------------
                                  4.09   data required time
                                 -4.72   data arrival time
-----------------------------------------------------------------------------
                                 -0.63   slack (VIOLATED)



======================= Slowest Corner ===================================

Startpoint: _4635_ (rising edge-triggered flip-flop clocked by clk)
Endpoint: _4783_ (rising edge-triggered flip-flop clocked by clk)
Path Group: clk
Path Type: max
Corner: Slowest

Fanout     Cap    Slew   Delay    Time   Description
-----------------------------------------------------------------------------
                          0.00    0.00   clock clk (rise edge)
                          0.00    0.00   clock source latency
     1    0.04    0.26    0.19    0.19 ^ clk (in)
                                         clk (net)
                  0.26    0.00    0.19 ^ clkbuf_0_clk/A (sky130_fd_sc_hd__clkbuf_16)
    16    0.16    0.26    0.49    0.67 ^ clkbuf_0_clk/X (sky130_fd_sc_hd__clkbuf_16)
                                         clknet_0_clk (net)
                  0.26    0.00    0.67 ^ clkbuf_4_3_0_clk/A (sky130_fd_sc_hd__clkbuf_8)
    14    0.04    0.14    0.39    1.06 ^ clkbuf_4_3_0_clk/X (sky130_fd_sc_hd__clkbuf_8)
                                         clknet_4_3_0_clk (net)
                  0.14    0.00    1.06 ^ _4635_/CLK (sky130_fd_sc_hd__dfxtp_1)
     2    0.01    0.23    0.82    1.89 ^ _4635_/Q (sky130_fd_sc_hd__dfxtp_1)
                                         u_interface.u_compute_core.relu_data[0] (net)
                  0.23    0.00    1.89 ^ _2325_/A (sky130_fd_sc_hd__buf_4)
    10    0.05    0.25    0.43    2.32 ^ _2325_/X (sky130_fd_sc_hd__buf_4)
                                         _1818_ (net)
                  0.25    0.00    2.32 ^ _3246_/D (sky130_fd_sc_hd__nand4_4)
     4    0.02    0.22    0.34    2.67 v _3246_/Y (sky130_fd_sc_hd__nand4_4)
                                         _0486_ (net)
                  0.22    0.00    2.67 v _3248_/B2 (sky130_fd_sc_hd__a22o_1)
     2    0.01    0.10    0.46    3.13 v _3248_/X (sky130_fd_sc_hd__a22o_1)
                                         _0488_ (net)
                  0.10    0.00    3.13 v _3249_/C (sky130_fd_sc_hd__and3_1)
     3    0.01    0.11    0.44    3.57 v _3249_/X (sky130_fd_sc_hd__and3_1)
                                         _0489_ (net)
                  0.11    0.00    3.57 v _3256_/A (sky130_fd_sc_hd__or3_1)
     2    0.00    0.15    0.91    4.48 v _3256_/X (sky130_fd_sc_hd__or3_1)
                                         _0496_ (net)
                  0.15    0.00    4.48 v _3286_/B_N (sky130_fd_sc_hd__or2b_1)
     2    0.01    0.14    0.39    4.87 ^ _3286_/X (sky130_fd_sc_hd__or2b_1)
                                         _0525_ (net)
                  0.14    0.00    4.87 ^ _3287_/C (sky130_fd_sc_hd__nand3_2)
     3    0.01    0.18    0.25    5.12 v _3287_/Y (sky130_fd_sc_hd__nand3_2)
                                         _0526_ (net)
                  0.18    0.00    5.12 v _3290_/A1 (sky130_fd_sc_hd__a21o_1)
     2    0.01    0.10    0.39    5.51 v _3290_/X (sky130_fd_sc_hd__a21o_1)
                                         _0529_ (net)
                  0.10    0.00    5.51 v _3293_/A2 (sky130_fd_sc_hd__a21o_1)
     3    0.01    0.13    0.42    5.93 v _3293_/X (sky130_fd_sc_hd__a21o_1)
                                         _0532_ (net)
                  0.13    0.00    5.93 v _3333_/A2 (sky130_fd_sc_hd__a21boi_2)
     2    0.01    0.22    0.31    6.25 ^ _3333_/Y (sky130_fd_sc_hd__a21boi_2)
                                         _0571_ (net)
                  0.22    0.00    6.25 ^ _3343_/A1 (sky130_fd_sc_hd__o21ai_1)
     2    0.01    0.13    0.23    6.48 v _3343_/Y (sky130_fd_sc_hd__o21ai_1)
                                         _0580_ (net)
                  0.13    0.00    6.48 v _3385_/A1 (sky130_fd_sc_hd__a21o_1)
     3    0.02    0.16    0.43    6.91 v _3385_/X (sky130_fd_sc_hd__a21o_1)
                                         _0621_ (net)
                  0.16    0.00    6.91 v rebuffer1/A (sky130_fd_sc_hd__dlygate4sd1_1)
     3    0.01    0.11    0.59    7.50 v rebuffer1/X (sky130_fd_sc_hd__dlygate4sd1_1)
                                         net65 (net)
                  0.11    0.00    7.50 v _3649_/A1 (sky130_fd_sc_hd__a311o_1)
     2    0.01    0.17    0.64    8.14 v _3649_/X (sky130_fd_sc_hd__a311o_1)
                                         _0880_ (net)
                  0.17    0.00    8.14 v _3700_/A1 (sky130_fd_sc_hd__a41o_1)
     2    0.01    0.15    0.48    8.62 v _3700_/X (sky130_fd_sc_hd__a41o_1)
                                         _0930_ (net)
                  0.15    0.00    8.62 v _3701_/B (sky130_fd_sc_hd__xor2_2)
     2    0.01    0.27    0.34    8.96 ^ _3701_/X (sky130_fd_sc_hd__xor2_2)
                                         _0931_ (net)
                  0.27    0.00    8.96 ^ _3703_/A (sky130_fd_sc_hd__nand2_1)
     3    0.01    0.17    0.26    9.21 v _3703_/Y (sky130_fd_sc_hd__nand2_1)
                                         _0933_ (net)
                  0.17    0.00    9.21 v _3710_/A2 (sky130_fd_sc_hd__a21o_1)
     1    0.00    0.06    0.37    9.59 v _3710_/X (sky130_fd_sc_hd__a21o_1)
                                         _0939_ (net)
                  0.06    0.00    9.59 v _3711_/C1 (sky130_fd_sc_hd__o211a_1)
     3    0.02    0.18    0.31    9.90 v _3711_/X (sky130_fd_sc_hd__o211a_1)
                                         _0940_ (net)
                  0.18    0.00    9.90 v _3950_/A (sky130_fd_sc_hd__or4b_4)
     2    0.01    0.17    1.18   11.09 v _3950_/X (sky130_fd_sc_hd__or4b_4)
                                         _1175_ (net)
                  0.17    0.00   11.09 v _4147_/A2 (sky130_fd_sc_hd__a21bo_1)
     2    0.01    0.12    0.46   11.55 v _4147_/X (sky130_fd_sc_hd__a21bo_1)
                                         _1368_ (net)
                  0.12    0.00   11.55 v _4312_/A1 (sky130_fd_sc_hd__o211a_1)
     3    0.01    0.13    0.51   12.07 v _4312_/X (sky130_fd_sc_hd__o211a_1)
                                         _1529_ (net)
                  0.13    0.00   12.07 v _4484_/A (sky130_fd_sc_hd__or3_4)
     2    0.01    0.14    0.85   12.92 v _4484_/X (sky130_fd_sc_hd__or3_4)
                                         _1697_ (net)
                  0.14    0.00   12.92 v _4519_/A1 (sky130_fd_sc_hd__a21oi_4)
     2    0.01    0.18    0.26   13.17 ^ _4519_/Y (sky130_fd_sc_hd__a21oi_4)
                                         _1730_ (net)
                  0.18    0.00   13.17 ^ _4524_/A3 (sky130_fd_sc_hd__o31ai_2)
     3    0.01    0.13    0.18   13.36 v _4524_/Y (sky130_fd_sc_hd__o31ai_2)
                                         _1735_ (net)
                  0.13    0.00   13.36 v _4529_/B (sky130_fd_sc_hd__and3_1)
     1    0.00    0.07    0.38   13.74 v _4529_/X (sky130_fd_sc_hd__and3_1)
                                         _1739_ (net)
                  0.07    0.00   13.74 v _4532_/A2 (sky130_fd_sc_hd__o311a_1)
     1    0.00    0.09    0.63   14.37 v _4532_/X (sky130_fd_sc_hd__o311a_1)
                                         _0148_ (net)
                  0.09    0.00   14.37 v _4783_/D (sky130_fd_sc_hd__dfxtp_1)
                                 14.37   data arrival time

                          4.00    4.00   clock clk (rise edge)
                          0.00    4.00   clock source latency
     1    0.04    0.26    0.17    4.17 ^ clk (in)
                                         clk (net)
                  0.26    0.00    4.17 ^ clkbuf_0_clk/A (sky130_fd_sc_hd__clkbuf_16)
    16    0.16    0.26    0.44    4.61 ^ clkbuf_0_clk/X (sky130_fd_sc_hd__clkbuf_16)
                                         clknet_0_clk (net)
                  0.26    0.00    4.61 ^ clkbuf_4_13_0_clk/A (sky130_fd_sc_hd__clkbuf_8)
     9    0.04    0.13    0.34    4.95 ^ clkbuf_4_13_0_clk/X (sky130_fd_sc_hd__clkbuf_8)
                                         clknet_4_13_0_clk (net)
                  0.13    0.00    4.95 ^ _4783_/CLK (sky130_fd_sc_hd__dfxtp_1)
                         -0.25    4.70   clock uncertainty
                          0.06    4.77   clock reconvergence pessimism
                         -0.26    4.50   library setup time
                                  4.50   data required time
-----------------------------------------------------------------------------
                                  4.50   data required time
                                -14.37   data arrival time
-----------------------------------------------------------------------------
                                 -9.87   slack (VIOLATED)



======================= Typical Corner ===================================

Startpoint: _4750_ (rising edge-triggered flip-flop clocked by clk)
Endpoint: _4783_ (rising edge-triggered flip-flop clocked by clk)
Path Group: clk
Path Type: max
Corner: Typical

Fanout     Cap    Slew   Delay    Time   Description
-----------------------------------------------------------------------------
                          0.00    0.00   clock clk (rise edge)
                          0.00    0.00   clock source latency
     1    0.04    0.16    0.12    0.12 ^ clk (in)
                                         clk (net)
                  0.16    0.00    0.12 ^ clkbuf_0_clk/A (sky130_fd_sc_hd__clkbuf_16)
    16    0.16    0.17    0.28    0.40 ^ clkbuf_0_clk/X (sky130_fd_sc_hd__clkbuf_16)
                                         clknet_0_clk (net)
                  0.17    0.00    0.40 ^ clkbuf_4_2_0_clk/A (sky130_fd_sc_hd__clkbuf_8)
    14    0.05    0.09    0.22    0.62 ^ clkbuf_4_2_0_clk/X (sky130_fd_sc_hd__clkbuf_8)
                                         clknet_4_2_0_clk (net)
                  0.09    0.00    0.62 ^ _4750_/CLK (sky130_fd_sc_hd__dfxtp_2)
     6    0.02    0.07    0.38    1.00 v _4750_/Q (sky130_fd_sc_hd__dfxtp_2)
                                         u_interface.u_compute_core.u_av.v_extended[6] (net)
                  0.07    0.00    1.00 v _3313_/A (sky130_fd_sc_hd__buf_2)
    10    0.03    0.09    0.20    1.20 v _3313_/X (sky130_fd_sc_hd__buf_2)
                                         _0551_ (net)
                  0.09    0.00    1.20 v _3445_/A (sky130_fd_sc_hd__clkbuf_4)
    10    0.04    0.08    0.21    1.42 v _3445_/X (sky130_fd_sc_hd__clkbuf_4)
                                         _0680_ (net)
                  0.08    0.00    1.42 v _3446_/B2 (sky130_fd_sc_hd__a22oi_1)
     1    0.00    0.16    0.18    1.60 ^ _3446_/Y (sky130_fd_sc_hd__a22oi_1)
                                         _0681_ (net)
                  0.16    0.00    1.60 ^ _3447_/B (sky130_fd_sc_hd__nor2_1)
     2    0.01    0.06    0.09    1.69 v _3447_/Y (sky130_fd_sc_hd__nor2_1)
                                         _0682_ (net)
                  0.06    0.00    1.69 v _3483_/A3 (sky130_fd_sc_hd__a31o_1)
     2    0.01    0.07    0.27    1.96 v _3483_/X (sky130_fd_sc_hd__a31o_1)
                                         _0717_ (net)
                  0.07    0.00    1.96 v _3487_/A (sky130_fd_sc_hd__xnor2_1)
     2    0.01    0.30    0.30    2.26 ^ _3487_/Y (sky130_fd_sc_hd__xnor2_1)
                                         _0721_ (net)
                  0.30    0.00    2.26 ^ _3488_/B (sky130_fd_sc_hd__xnor2_2)
     2    0.01    0.08    0.13    2.39 v _3488_/Y (sky130_fd_sc_hd__xnor2_2)
                                         _0722_ (net)
                  0.08    0.00    2.39 v _3556_/A1 (sky130_fd_sc_hd__o21a_1)
     2    0.01    0.07    0.24    2.64 v _3556_/X (sky130_fd_sc_hd__o21a_1)
                                         _0789_ (net)
                  0.07    0.00    2.64 v _3557_/A (sky130_fd_sc_hd__xnor2_2)
     2    0.01    0.07    0.17    2.81 v _3557_/Y (sky130_fd_sc_hd__xnor2_2)
                                         _0790_ (net)
                  0.07    0.00    2.81 v rebuffer13/A (sky130_fd_sc_hd__buf_2)
     1    0.01    0.04    0.15    2.96 v rebuffer13/X (sky130_fd_sc_hd__buf_2)
                                         net77 (net)
                  0.04    0.00    2.96 v _3600_/A2 (sky130_fd_sc_hd__a21oi_4)
     3    0.02    0.20    0.22    3.18 ^ _3600_/Y (sky130_fd_sc_hd__a21oi_4)
                                         _0832_ (net)
                  0.20    0.00    3.18 ^ _3601_/B (sky130_fd_sc_hd__xor2_4)
     4    0.02    0.20    0.25    3.43 ^ _3601_/X (sky130_fd_sc_hd__xor2_4)
                                         _0833_ (net)
                  0.20    0.00    3.43 ^ _3795_/A (sky130_fd_sc_hd__and4_1)
     1    0.00    0.06    0.22    3.65 ^ _3795_/X (sky130_fd_sc_hd__and4_1)
                                         _1023_ (net)
                  0.06    0.00    3.65 ^ _3796_/C1 (sky130_fd_sc_hd__a211oi_1)
     2    0.01    0.11    0.06    3.72 v _3796_/Y (sky130_fd_sc_hd__a211oi_1)
                                         _1024_ (net)
                  0.11    0.00    3.72 v _3854_/B1 (sky130_fd_sc_hd__a311o_4)
     6    0.02    0.08    0.46    4.17 v _3854_/X (sky130_fd_sc_hd__a311o_4)
                                         _1080_ (net)
                  0.08    0.00    4.18 v _4155_/A1 (sky130_fd_sc_hd__a2111o_1)
     3    0.01    0.10    0.45    4.62 v _4155_/X (sky130_fd_sc_hd__a2111o_1)
                                         _1375_ (net)
                  0.10    0.00    4.62 v _4245_/A1 (sky130_fd_sc_hd__a211o_4)
     5    0.02    0.07    0.39    5.01 v _4245_/X (sky130_fd_sc_hd__a211o_4)
                                         _1464_ (net)
                  0.07    0.00    5.01 v _4438_/A1 (sky130_fd_sc_hd__a311o_1)
     3    0.01    0.09    0.33    5.34 v _4438_/X (sky130_fd_sc_hd__a311o_1)
                                         _1653_ (net)
                  0.09    0.00    5.34 v _4471_/A1 (sky130_fd_sc_hd__a311o_1)
     3    0.01    0.07    0.32    5.66 v _4471_/X (sky130_fd_sc_hd__a311o_1)
                                         _1685_ (net)
                  0.07    0.00    5.66 v _4474_/A (sky130_fd_sc_hd__and3_1)
     2    0.00    0.04    0.17    5.82 v _4474_/X (sky130_fd_sc_hd__and3_1)
                                         _1688_ (net)
                  0.04    0.00    5.82 v _4476_/A (sky130_fd_sc_hd__or2_4)
     2    0.01    0.05    0.26    6.09 v _4476_/X (sky130_fd_sc_hd__or2_4)
                                         _1690_ (net)
                  0.05    0.00    6.09 v _4482_/B (sky130_fd_sc_hd__or2_4)
     2    0.01    0.05    0.25    6.33 v _4482_/X (sky130_fd_sc_hd__or2_4)
                                         _1695_ (net)
                  0.05    0.00    6.33 v _4484_/C (sky130_fd_sc_hd__or3_4)
     2    0.01    0.08    0.36    6.70 v _4484_/X (sky130_fd_sc_hd__or3_4)
                                         _1697_ (net)
                  0.08    0.00    6.70 v _4519_/A1 (sky130_fd_sc_hd__a21oi_4)
     2    0.01    0.11    0.15    6.85 ^ _4519_/Y (sky130_fd_sc_hd__a21oi_4)
                                         _1730_ (net)
                  0.11    0.00    6.85 ^ _4524_/A3 (sky130_fd_sc_hd__o31ai_2)
     3    0.01    0.06    0.09    6.93 v _4524_/Y (sky130_fd_sc_hd__o31ai_2)
                                         _1735_ (net)
                  0.06    0.00    6.93 v _4529_/B (sky130_fd_sc_hd__and3_1)
     1    0.00    0.04    0.18    7.11 v _4529_/X (sky130_fd_sc_hd__and3_1)
                                         _1739_ (net)
                  0.04    0.00    7.11 v _4532_/A2 (sky130_fd_sc_hd__o311a_1)
     1    0.00    0.05    0.33    7.44 v _4532_/X (sky130_fd_sc_hd__o311a_1)
                                         _0148_ (net)
                  0.05    0.00    7.44 v _4783_/D (sky130_fd_sc_hd__dfxtp_1)
                                  7.44   data arrival time

                          4.00    4.00   clock clk (rise edge)
                          0.00    4.00   clock source latency
     1    0.04    0.16    0.11    4.11 ^ clk (in)
                                         clk (net)
                  0.16    0.00    4.11 ^ clkbuf_0_clk/A (sky130_fd_sc_hd__clkbuf_16)
    16    0.16    0.17    0.25    4.36 ^ clkbuf_0_clk/X (sky130_fd_sc_hd__clkbuf_16)
                                         clknet_0_clk (net)
                  0.17    0.00    4.36 ^ clkbuf_4_13_0_clk/A (sky130_fd_sc_hd__clkbuf_8)
     9    0.04    0.08    0.19    4.55 ^ clkbuf_4_13_0_clk/X (sky130_fd_sc_hd__clkbuf_8)
                                         clknet_4_13_0_clk (net)
                  0.08    0.00    4.55 ^ _4783_/CLK (sky130_fd_sc_hd__dfxtp_1)
                         -0.25    4.30   clock uncertainty
                          0.04    4.34   clock reconvergence pessimism
                         -0.10    4.24   library setup time
                                  4.24   data required time
-----------------------------------------------------------------------------
                                  4.24   data required time
                                 -7.44   data arrival time
-----------------------------------------------------------------------------
                                 -3.20   slack (VIOLATED)




===========================================================================
report_checks --slack_max -0.01
============================================================================
======================= Fastest Corner ===================================

Startpoint: _4750_ (rising edge-triggered flip-flop clocked by clk)
Endpoint: _4783_ (rising edge-triggered flip-flop clocked by clk)
Path Group: clk
Path Type: max
Corner: Fastest

Fanout     Cap    Slew   Delay    Time   Description
-----------------------------------------------------------------------------
                          0.00    0.00   clock clk (rise edge)
                          0.00    0.00   clock source latency
     1    0.04    0.12    0.09    0.09 ^ clk (in)
                                         clk (net)
                  0.12    0.00    0.09 ^ clkbuf_0_clk/A (sky130_fd_sc_hd__clkbuf_16)
    16    0.16    0.13    0.19    0.28 ^ clkbuf_0_clk/X (sky130_fd_sc_hd__clkbuf_16)
                                         clknet_0_clk (net)
                  0.13    0.00    0.29 ^ clkbuf_4_2_0_clk/A (sky130_fd_sc_hd__clkbuf_8)
    14    0.05    0.07    0.15    0.43 ^ clkbuf_4_2_0_clk/X (sky130_fd_sc_hd__clkbuf_8)
                                         clknet_4_2_0_clk (net)
                  0.07    0.00    0.43 ^ _4750_/CLK (sky130_fd_sc_hd__dfxtp_2)
     6    0.03    0.10    0.27    0.70 ^ _4750_/Q (sky130_fd_sc_hd__dfxtp_2)
                                         u_interface.u_compute_core.u_av.v_extended[6] (net)
                  0.10    0.00    0.70 ^ _3313_/A (sky130_fd_sc_hd__buf_2)
    10    0.04    0.14    0.17    0.87 ^ _3313_/X (sky130_fd_sc_hd__buf_2)
                                         _0551_ (net)
                  0.14    0.00    0.87 ^ _3445_/A (sky130_fd_sc_hd__clkbuf_4)
    10    0.04    0.09    0.17    1.04 ^ _3445_/X (sky130_fd_sc_hd__clkbuf_4)
                                         _0680_ (net)
                  0.09    0.00    1.04 ^ _3446_/B2 (sky130_fd_sc_hd__a22oi_1)
     1    0.00    0.06    0.05    1.09 v _3446_/Y (sky130_fd_sc_hd__a22oi_1)
                                         _0681_ (net)
                  0.06    0.00    1.09 v _3447_/B (sky130_fd_sc_hd__nor2_1)
     2    0.01    0.13    0.13    1.22 ^ _3447_/Y (sky130_fd_sc_hd__nor2_1)
                                         _0682_ (net)
                  0.13    0.00    1.22 ^ _3448_/B (sky130_fd_sc_hd__xnor2_1)
     2    0.01    0.08    0.10    1.31 v _3448_/Y (sky130_fd_sc_hd__xnor2_1)
                                         _0683_ (net)
                  0.08    0.00    1.31 v _3458_/A (sky130_fd_sc_hd__xnor2_2)
     2    0.02    0.20    0.21    1.53 ^ _3458_/Y (sky130_fd_sc_hd__xnor2_2)
                                         _0693_ (net)
                  0.20    0.00    1.53 ^ _3461_/B (sky130_fd_sc_hd__xnor2_2)
     2    0.01    0.07    0.06    1.59 v _3461_/Y (sky130_fd_sc_hd__xnor2_2)
                                         _0696_ (net)
                  0.07    0.00    1.59 v _3508_/A1 (sky130_fd_sc_hd__o21a_1)
     2    0.01    0.05    0.17    1.76 v _3508_/X (sky130_fd_sc_hd__o21a_1)
                                         _0742_ (net)
                  0.05    0.00    1.76 v _3509_/A (sky130_fd_sc_hd__xnor2_2)
     2    0.01    0.15    0.16    1.92 ^ _3509_/Y (sky130_fd_sc_hd__xnor2_2)
                                         _0743_ (net)
                  0.15    0.00    1.92 ^ _3528_/A2 (sky130_fd_sc_hd__a21o_1)
     3    0.01    0.07    0.12    2.04 ^ _3528_/X (sky130_fd_sc_hd__a21o_1)
                                         _0761_ (net)
                  0.07    0.00    2.04 ^ _3559_/A (sky130_fd_sc_hd__xor2_1)
     2    0.01    0.13    0.13    2.18 ^ _3559_/X (sky130_fd_sc_hd__xor2_1)
                                         _0792_ (net)
                  0.13    0.00    2.18 ^ _3602_/B (sky130_fd_sc_hd__and2_4)
     3    0.02    0.05    0.13    2.31 ^ _3602_/X (sky130_fd_sc_hd__and2_4)
                                         _0834_ (net)
                  0.05    0.00    2.31 ^ _3603_/D (sky130_fd_sc_hd__nand4_4)
     3    0.02    0.09    0.08    2.39 v _3603_/Y (sky130_fd_sc_hd__nand4_4)
                                         _0835_ (net)
                  0.09    0.00    2.39 v _3854_/A2 (sky130_fd_sc_hd__a311o_4)
     6    0.02    0.06    0.30    2.69 v _3854_/X (sky130_fd_sc_hd__a311o_4)
                                         _1080_ (net)
                  0.06    0.00    2.69 v _4155_/A1 (sky130_fd_sc_hd__a2111o_1)
     3    0.01    0.07    0.28    2.96 v _4155_/X (sky130_fd_sc_hd__a2111o_1)
                                         _1375_ (net)
                  0.07    0.00    2.96 v _4245_/A1 (sky130_fd_sc_hd__a211o_4)
     5    0.02    0.05    0.24    3.21 v _4245_/X (sky130_fd_sc_hd__a211o_4)
                                         _1464_ (net)
                  0.05    0.00    3.21 v _4438_/A1 (sky130_fd_sc_hd__a311o_1)
     3    0.01    0.07    0.21    3.42 v _4438_/X (sky130_fd_sc_hd__a311o_1)
                                         _1653_ (net)
                  0.07    0.00    3.42 v _4471_/A1 (sky130_fd_sc_hd__a311o_1)
     3    0.01    0.05    0.20    3.61 v _4471_/X (sky130_fd_sc_hd__a311o_1)
                                         _1685_ (net)
                  0.05    0.00    3.61 v _4474_/A (sky130_fd_sc_hd__and3_1)
     2    0.00    0.03    0.11    3.72 v _4474_/X (sky130_fd_sc_hd__and3_1)
                                         _1688_ (net)
                  0.03    0.00    3.72 v _4476_/A (sky130_fd_sc_hd__or2_4)
     2    0.01    0.04    0.16    3.89 v _4476_/X (sky130_fd_sc_hd__or2_4)
                                         _1690_ (net)
                  0.04    0.00    3.89 v _4482_/B (sky130_fd_sc_hd__or2_4)
     2    0.01    0.04    0.15    4.04 v _4482_/X (sky130_fd_sc_hd__or2_4)
                                         _1695_ (net)
                  0.04    0.00    4.04 v _4484_/C (sky130_fd_sc_hd__or3_4)
     2    0.01    0.05    0.22    4.26 v _4484_/X (sky130_fd_sc_hd__or3_4)
                                         _1697_ (net)
                  0.05    0.00    4.26 v _4519_/A1 (sky130_fd_sc_hd__a21oi_4)
     2    0.01    0.09    0.10    4.36 ^ _4519_/Y (sky130_fd_sc_hd__a21oi_4)
                                         _1730_ (net)
                  0.09    0.00    4.36 ^ _4524_/A3 (sky130_fd_sc_hd__o31ai_2)
     3    0.01    0.05    0.05    4.41 v _4524_/Y (sky130_fd_sc_hd__o31ai_2)
                                         _1735_ (net)
                  0.05    0.00    4.41 v _4529_/B (sky130_fd_sc_hd__and3_1)
     1    0.00    0.03    0.11    4.52 v _4529_/X (sky130_fd_sc_hd__and3_1)
                                         _1739_ (net)
                  0.03    0.00    4.52 v _4532_/A2 (sky130_fd_sc_hd__o311a_1)
     1    0.00    0.04    0.20    4.72 v _4532_/X (sky130_fd_sc_hd__o311a_1)
                                         _0148_ (net)
                  0.04    0.00    4.72 v _4783_/D (sky130_fd_sc_hd__dfxtp_1)
                                  4.72   data arrival time

                          4.00    4.00   clock clk (rise edge)
                          0.00    4.00   clock source latency
     1    0.04    0.12    0.08    4.08 ^ clk (in)
                                         clk (net)
                  0.12    0.00    4.08 ^ clkbuf_0_clk/A (sky130_fd_sc_hd__clkbuf_16)
    16    0.16    0.13    0.18    4.26 ^ clkbuf_0_clk/X (sky130_fd_sc_hd__clkbuf_16)
                                         clknet_0_clk (net)
                  0.13    0.00    4.26 ^ clkbuf_4_13_0_clk/A (sky130_fd_sc_hd__clkbuf_8)
     9    0.04    0.06    0.13    4.39 ^ clkbuf_4_13_0_clk/X (sky130_fd_sc_hd__clkbuf_8)
                                         clknet_4_13_0_clk (net)
                  0.06    0.00    4.39 ^ _4783_/CLK (sky130_fd_sc_hd__dfxtp_1)
                         -0.25    4.14   clock uncertainty
                          0.03    4.16   clock reconvergence pessimism
                         -0.07    4.09   library setup time
                                  4.09   data required time
-----------------------------------------------------------------------------
                                  4.09   data required time
                                 -4.72   data arrival time
-----------------------------------------------------------------------------
                                 -0.63   slack (VIOLATED)



======================= Slowest Corner ===================================

Startpoint: _4635_ (rising edge-triggered flip-flop clocked by clk)
Endpoint: _4783_ (rising edge-triggered flip-flop clocked by clk)
Path Group: clk
Path Type: max
Corner: Slowest

Fanout     Cap    Slew   Delay    Time   Description
-----------------------------------------------------------------------------
                          0.00    0.00   clock clk (rise edge)
                          0.00    0.00   clock source latency
     1    0.04    0.26    0.19    0.19 ^ clk (in)
                                         clk (net)
                  0.26    0.00    0.19 ^ clkbuf_0_clk/A (sky130_fd_sc_hd__clkbuf_16)
    16    0.16    0.26    0.49    0.67 ^ clkbuf_0_clk/X (sky130_fd_sc_hd__clkbuf_16)
                                         clknet_0_clk (net)
                  0.26    0.00    0.67 ^ clkbuf_4_3_0_clk/A (sky130_fd_sc_hd__clkbuf_8)
    14    0.04    0.14    0.39    1.06 ^ clkbuf_4_3_0_clk/X (sky130_fd_sc_hd__clkbuf_8)
                                         clknet_4_3_0_clk (net)
                  0.14    0.00    1.06 ^ _4635_/CLK (sky130_fd_sc_hd__dfxtp_1)
     2    0.01    0.23    0.82    1.89 ^ _4635_/Q (sky130_fd_sc_hd__dfxtp_1)
                                         u_interface.u_compute_core.relu_data[0] (net)
                  0.23    0.00    1.89 ^ _2325_/A (sky130_fd_sc_hd__buf_4)
    10    0.05    0.25    0.43    2.32 ^ _2325_/X (sky130_fd_sc_hd__buf_4)
                                         _1818_ (net)
                  0.25    0.00    2.32 ^ _3246_/D (sky130_fd_sc_hd__nand4_4)
     4    0.02    0.22    0.34    2.67 v _3246_/Y (sky130_fd_sc_hd__nand4_4)
                                         _0486_ (net)
                  0.22    0.00    2.67 v _3248_/B2 (sky130_fd_sc_hd__a22o_1)
     2    0.01    0.10    0.46    3.13 v _3248_/X (sky130_fd_sc_hd__a22o_1)
                                         _0488_ (net)
                  0.10    0.00    3.13 v _3249_/C (sky130_fd_sc_hd__and3_1)
     3    0.01    0.11    0.44    3.57 v _3249_/X (sky130_fd_sc_hd__and3_1)
                                         _0489_ (net)
                  0.11    0.00    3.57 v _3256_/A (sky130_fd_sc_hd__or3_1)
     2    0.00    0.15    0.91    4.48 v _3256_/X (sky130_fd_sc_hd__or3_1)
                                         _0496_ (net)
                  0.15    0.00    4.48 v _3286_/B_N (sky130_fd_sc_hd__or2b_1)
     2    0.01    0.14    0.39    4.87 ^ _3286_/X (sky130_fd_sc_hd__or2b_1)
                                         _0525_ (net)
                  0.14    0.00    4.87 ^ _3287_/C (sky130_fd_sc_hd__nand3_2)
     3    0.01    0.18    0.25    5.12 v _3287_/Y (sky130_fd_sc_hd__nand3_2)
                                         _0526_ (net)
                  0.18    0.00    5.12 v _3290_/A1 (sky130_fd_sc_hd__a21o_1)
     2    0.01    0.10    0.39    5.51 v _3290_/X (sky130_fd_sc_hd__a21o_1)
                                         _0529_ (net)
                  0.10    0.00    5.51 v _3293_/A2 (sky130_fd_sc_hd__a21o_1)
     3    0.01    0.13    0.42    5.93 v _3293_/X (sky130_fd_sc_hd__a21o_1)
                                         _0532_ (net)
                  0.13    0.00    5.93 v _3333_/A2 (sky130_fd_sc_hd__a21boi_2)
     2    0.01    0.22    0.31    6.25 ^ _3333_/Y (sky130_fd_sc_hd__a21boi_2)
                                         _0571_ (net)
                  0.22    0.00    6.25 ^ _3343_/A1 (sky130_fd_sc_hd__o21ai_1)
     2    0.01    0.13    0.23    6.48 v _3343_/Y (sky130_fd_sc_hd__o21ai_1)
                                         _0580_ (net)
                  0.13    0.00    6.48 v _3385_/A1 (sky130_fd_sc_hd__a21o_1)
     3    0.02    0.16    0.43    6.91 v _3385_/X (sky130_fd_sc_hd__a21o_1)
                                         _0621_ (net)
                  0.16    0.00    6.91 v rebuffer1/A (sky130_fd_sc_hd__dlygate4sd1_1)
     3    0.01    0.11    0.59    7.50 v rebuffer1/X (sky130_fd_sc_hd__dlygate4sd1_1)
                                         net65 (net)
                  0.11    0.00    7.50 v _3649_/A1 (sky130_fd_sc_hd__a311o_1)
     2    0.01    0.17    0.64    8.14 v _3649_/X (sky130_fd_sc_hd__a311o_1)
                                         _0880_ (net)
                  0.17    0.00    8.14 v _3700_/A1 (sky130_fd_sc_hd__a41o_1)
     2    0.01    0.15    0.48    8.62 v _3700_/X (sky130_fd_sc_hd__a41o_1)
                                         _0930_ (net)
                  0.15    0.00    8.62 v _3701_/B (sky130_fd_sc_hd__xor2_2)
     2    0.01    0.27    0.34    8.96 ^ _3701_/X (sky130_fd_sc_hd__xor2_2)
                                         _0931_ (net)
                  0.27    0.00    8.96 ^ _3703_/A (sky130_fd_sc_hd__nand2_1)
     3    0.01    0.17    0.26    9.21 v _3703_/Y (sky130_fd_sc_hd__nand2_1)
                                         _0933_ (net)
                  0.17    0.00    9.21 v _3710_/A2 (sky130_fd_sc_hd__a21o_1)
     1    0.00    0.06    0.37    9.59 v _3710_/X (sky130_fd_sc_hd__a21o_1)
                                         _0939_ (net)
                  0.06    0.00    9.59 v _3711_/C1 (sky130_fd_sc_hd__o211a_1)
     3    0.02    0.18    0.31    9.90 v _3711_/X (sky130_fd_sc_hd__o211a_1)
                                         _0940_ (net)
                  0.18    0.00    9.90 v _3950_/A (sky130_fd_sc_hd__or4b_4)
     2    0.01    0.17    1.18   11.09 v _3950_/X (sky130_fd_sc_hd__or4b_4)
                                         _1175_ (net)
                  0.17    0.00   11.09 v _4147_/A2 (sky130_fd_sc_hd__a21bo_1)
     2    0.01    0.12    0.46   11.55 v _4147_/X (sky130_fd_sc_hd__a21bo_1)
                                         _1368_ (net)
                  0.12    0.00   11.55 v _4312_/A1 (sky130_fd_sc_hd__o211a_1)
     3    0.01    0.13    0.51   12.07 v _4312_/X (sky130_fd_sc_hd__o211a_1)
                                         _1529_ (net)
                  0.13    0.00   12.07 v _4484_/A (sky130_fd_sc_hd__or3_4)
     2    0.01    0.14    0.85   12.92 v _4484_/X (sky130_fd_sc_hd__or3_4)
                                         _1697_ (net)
                  0.14    0.00   12.92 v _4519_/A1 (sky130_fd_sc_hd__a21oi_4)
     2    0.01    0.18    0.26   13.17 ^ _4519_/Y (sky130_fd_sc_hd__a21oi_4)
                                         _1730_ (net)
                  0.18    0.00   13.17 ^ _4524_/A3 (sky130_fd_sc_hd__o31ai_2)
     3    0.01    0.13    0.18   13.36 v _4524_/Y (sky130_fd_sc_hd__o31ai_2)
                                         _1735_ (net)
                  0.13    0.00   13.36 v _4529_/B (sky130_fd_sc_hd__and3_1)
     1    0.00    0.07    0.38   13.74 v _4529_/X (sky130_fd_sc_hd__and3_1)
                                         _1739_ (net)
                  0.07    0.00   13.74 v _4532_/A2 (sky130_fd_sc_hd__o311a_1)
     1    0.00    0.09    0.63   14.37 v _4532_/X (sky130_fd_sc_hd__o311a_1)
                                         _0148_ (net)
                  0.09    0.00   14.37 v _4783_/D (sky130_fd_sc_hd__dfxtp_1)
                                 14.37   data arrival time

                          4.00    4.00   clock clk (rise edge)
                          0.00    4.00   clock source latency
     1    0.04    0.26    0.17    4.17 ^ clk (in)
                                         clk (net)
                  0.26    0.00    4.17 ^ clkbuf_0_clk/A (sky130_fd_sc_hd__clkbuf_16)
    16    0.16    0.26    0.44    4.61 ^ clkbuf_0_clk/X (sky130_fd_sc_hd__clkbuf_16)
                                         clknet_0_clk (net)
                  0.26    0.00    4.61 ^ clkbuf_4_13_0_clk/A (sky130_fd_sc_hd__clkbuf_8)
     9    0.04    0.13    0.34    4.95 ^ clkbuf_4_13_0_clk/X (sky130_fd_sc_hd__clkbuf_8)
                                         clknet_4_13_0_clk (net)
                  0.13    0.00    4.95 ^ _4783_/CLK (sky130_fd_sc_hd__dfxtp_1)
                         -0.25    4.70   clock uncertainty
                          0.06    4.77   clock reconvergence pessimism
                         -0.26    4.50   library setup time
                                  4.50   data required time
-----------------------------------------------------------------------------
                                  4.50   data required time
                                -14.37   data arrival time
-----------------------------------------------------------------------------
                                 -9.87   slack (VIOLATED)



======================= Typical Corner ===================================

Startpoint: _4750_ (rising edge-triggered flip-flop clocked by clk)
Endpoint: _4783_ (rising edge-triggered flip-flop clocked by clk)
Path Group: clk
Path Type: max
Corner: Typical

Fanout     Cap    Slew   Delay    Time   Description
-----------------------------------------------------------------------------
                          0.00    0.00   clock clk (rise edge)
                          0.00    0.00   clock source latency
     1    0.04    0.16    0.12    0.12 ^ clk (in)
                                         clk (net)
                  0.16    0.00    0.12 ^ clkbuf_0_clk/A (sky130_fd_sc_hd__clkbuf_16)
    16    0.16    0.17    0.28    0.40 ^ clkbuf_0_clk/X (sky130_fd_sc_hd__clkbuf_16)
                                         clknet_0_clk (net)
                  0.17    0.00    0.40 ^ clkbuf_4_2_0_clk/A (sky130_fd_sc_hd__clkbuf_8)
    14    0.05    0.09    0.22    0.62 ^ clkbuf_4_2_0_clk/X (sky130_fd_sc_hd__clkbuf_8)
                                         clknet_4_2_0_clk (net)
                  0.09    0.00    0.62 ^ _4750_/CLK (sky130_fd_sc_hd__dfxtp_2)
     6    0.02    0.07    0.38    1.00 v _4750_/Q (sky130_fd_sc_hd__dfxtp_2)
                                         u_interface.u_compute_core.u_av.v_extended[6] (net)
                  0.07    0.00    1.00 v _3313_/A (sky130_fd_sc_hd__buf_2)
    10    0.03    0.09    0.20    1.20 v _3313_/X (sky130_fd_sc_hd__buf_2)
                                         _0551_ (net)
                  0.09    0.00    1.20 v _3445_/A (sky130_fd_sc_hd__clkbuf_4)
    10    0.04    0.08    0.21    1.42 v _3445_/X (sky130_fd_sc_hd__clkbuf_4)
                                         _0680_ (net)
                  0.08    0.00    1.42 v _3446_/B2 (sky130_fd_sc_hd__a22oi_1)
     1    0.00    0.16    0.18    1.60 ^ _3446_/Y (sky130_fd_sc_hd__a22oi_1)
                                         _0681_ (net)
                  0.16    0.00    1.60 ^ _3447_/B (sky130_fd_sc_hd__nor2_1)
     2    0.01    0.06    0.09    1.69 v _3447_/Y (sky130_fd_sc_hd__nor2_1)
                                         _0682_ (net)
                  0.06    0.00    1.69 v _3483_/A3 (sky130_fd_sc_hd__a31o_1)
     2    0.01    0.07    0.27    1.96 v _3483_/X (sky130_fd_sc_hd__a31o_1)
                                         _0717_ (net)
                  0.07    0.00    1.96 v _3487_/A (sky130_fd_sc_hd__xnor2_1)
     2    0.01    0.30    0.30    2.26 ^ _3487_/Y (sky130_fd_sc_hd__xnor2_1)
                                         _0721_ (net)
                  0.30    0.00    2.26 ^ _3488_/B (sky130_fd_sc_hd__xnor2_2)
     2    0.01    0.08    0.13    2.39 v _3488_/Y (sky130_fd_sc_hd__xnor2_2)
                                         _0722_ (net)
                  0.08    0.00    2.39 v _3556_/A1 (sky130_fd_sc_hd__o21a_1)
     2    0.01    0.07    0.24    2.64 v _3556_/X (sky130_fd_sc_hd__o21a_1)
                                         _0789_ (net)
                  0.07    0.00    2.64 v _3557_/A (sky130_fd_sc_hd__xnor2_2)
     2    0.01    0.07    0.17    2.81 v _3557_/Y (sky130_fd_sc_hd__xnor2_2)
                                         _0790_ (net)
                  0.07    0.00    2.81 v rebuffer13/A (sky130_fd_sc_hd__buf_2)
     1    0.01    0.04    0.15    2.96 v rebuffer13/X (sky130_fd_sc_hd__buf_2)
                                         net77 (net)
                  0.04    0.00    2.96 v _3600_/A2 (sky130_fd_sc_hd__a21oi_4)
     3    0.02    0.20    0.22    3.18 ^ _3600_/Y (sky130_fd_sc_hd__a21oi_4)
                                         _0832_ (net)
                  0.20    0.00    3.18 ^ _3601_/B (sky130_fd_sc_hd__xor2_4)
     4    0.02    0.20    0.25    3.43 ^ _3601_/X (sky130_fd_sc_hd__xor2_4)
                                         _0833_ (net)
                  0.20    0.00    3.43 ^ _3795_/A (sky130_fd_sc_hd__and4_1)
     1    0.00    0.06    0.22    3.65 ^ _3795_/X (sky130_fd_sc_hd__and4_1)
                                         _1023_ (net)
                  0.06    0.00    3.65 ^ _3796_/C1 (sky130_fd_sc_hd__a211oi_1)
     2    0.01    0.11    0.06    3.72 v _3796_/Y (sky130_fd_sc_hd__a211oi_1)
                                         _1024_ (net)
                  0.11    0.00    3.72 v _3854_/B1 (sky130_fd_sc_hd__a311o_4)
     6    0.02    0.08    0.46    4.17 v _3854_/X (sky130_fd_sc_hd__a311o_4)
                                         _1080_ (net)
                  0.08    0.00    4.18 v _4155_/A1 (sky130_fd_sc_hd__a2111o_1)
     3    0.01    0.10    0.45    4.62 v _4155_/X (sky130_fd_sc_hd__a2111o_1)
                                         _1375_ (net)
                  0.10    0.00    4.62 v _4245_/A1 (sky130_fd_sc_hd__a211o_4)
     5    0.02    0.07    0.39    5.01 v _4245_/X (sky130_fd_sc_hd__a211o_4)
                                         _1464_ (net)
                  0.07    0.00    5.01 v _4438_/A1 (sky130_fd_sc_hd__a311o_1)
     3    0.01    0.09    0.33    5.34 v _4438_/X (sky130_fd_sc_hd__a311o_1)
                                         _1653_ (net)
                  0.09    0.00    5.34 v _4471_/A1 (sky130_fd_sc_hd__a311o_1)
     3    0.01    0.07    0.32    5.66 v _4471_/X (sky130_fd_sc_hd__a311o_1)
                                         _1685_ (net)
                  0.07    0.00    5.66 v _4474_/A (sky130_fd_sc_hd__and3_1)
     2    0.00    0.04    0.17    5.82 v _4474_/X (sky130_fd_sc_hd__and3_1)
                                         _1688_ (net)
                  0.04    0.00    5.82 v _4476_/A (sky130_fd_sc_hd__or2_4)
     2    0.01    0.05    0.26    6.09 v _4476_/X (sky130_fd_sc_hd__or2_4)
                                         _1690_ (net)
                  0.05    0.00    6.09 v _4482_/B (sky130_fd_sc_hd__or2_4)
     2    0.01    0.05    0.25    6.33 v _4482_/X (sky130_fd_sc_hd__or2_4)
                                         _1695_ (net)
                  0.05    0.00    6.33 v _4484_/C (sky130_fd_sc_hd__or3_4)
     2    0.01    0.08    0.36    6.70 v _4484_/X (sky130_fd_sc_hd__or3_4)
                                         _1697_ (net)
                  0.08    0.00    6.70 v _4519_/A1 (sky130_fd_sc_hd__a21oi_4)
     2    0.01    0.11    0.15    6.85 ^ _4519_/Y (sky130_fd_sc_hd__a21oi_4)
                                         _1730_ (net)
                  0.11    0.00    6.85 ^ _4524_/A3 (sky130_fd_sc_hd__o31ai_2)
     3    0.01    0.06    0.09    6.93 v _4524_/Y (sky130_fd_sc_hd__o31ai_2)
                                         _1735_ (net)
                  0.06    0.00    6.93 v _4529_/B (sky130_fd_sc_hd__and3_1)
     1    0.00    0.04    0.18    7.11 v _4529_/X (sky130_fd_sc_hd__and3_1)
                                         _1739_ (net)
                  0.04    0.00    7.11 v _4532_/A2 (sky130_fd_sc_hd__o311a_1)
     1    0.00    0.05    0.33    7.44 v _4532_/X (sky130_fd_sc_hd__o311a_1)
                                         _0148_ (net)
                  0.05    0.00    7.44 v _4783_/D (sky130_fd_sc_hd__dfxtp_1)
                                  7.44   data arrival time

                          4.00    4.00   clock clk (rise edge)
                          0.00    4.00   clock source latency
     1    0.04    0.16    0.11    4.11 ^ clk (in)
                                         clk (net)
                  0.16    0.00    4.11 ^ clkbuf_0_clk/A (sky130_fd_sc_hd__clkbuf_16)
    16    0.16    0.17    0.25    4.36 ^ clkbuf_0_clk/X (sky130_fd_sc_hd__clkbuf_16)
                                         clknet_0_clk (net)
                  0.17    0.00    4.36 ^ clkbuf_4_13_0_clk/A (sky130_fd_sc_hd__clkbuf_8)
     9    0.04    0.08    0.19    4.55 ^ clkbuf_4_13_0_clk/X (sky130_fd_sc_hd__clkbuf_8)
                                         clknet_4_13_0_clk (net)
                  0.08    0.00    4.55 ^ _4783_/CLK (sky130_fd_sc_hd__dfxtp_1)
                         -0.25    4.30   clock uncertainty
                          0.04    4.34   clock reconvergence pessimism
                         -0.10    4.24   library setup time
                                  4.24   data required time
-----------------------------------------------------------------------------
                                  4.24   data required time
                                 -7.44   data arrival time
-----------------------------------------------------------------------------
                                 -3.20   slack (VIOLATED)




===========================================================================
 report_check_types -max_slew -max_cap -max_fanout -violators
============================================================================
======================= Fastest Corner ===================================

max fanout

Pin                                   Limit Fanout  Slack
---------------------------------------------------------
clkbuf_4_7_0_clk/X                       10     17     -7 (VIOLATED)
clkbuf_0_clk/X                           10     16     -6 (VIOLATED)
clkbuf_4_10_0_clk/X                      10     15     -5 (VIOLATED)
clkbuf_4_1_0_clk/X                       10     15     -5 (VIOLATED)
clkbuf_4_4_0_clk/X                       10     15     -5 (VIOLATED)
clkbuf_4_6_0_clk/X                       10     15     -5 (VIOLATED)
clkbuf_4_2_0_clk/X                       10     14     -4 (VIOLATED)
clkbuf_4_3_0_clk/X                       10     14     -4 (VIOLATED)
clkbuf_4_5_0_clk/X                       10     14     -4 (VIOLATED)
clkbuf_4_0_0_clk/X                       10     12     -2 (VIOLATED)
_2406_/X                                 10     11        (VIOLATED)
clkbuf_4_11_0_clk/X                      10     11        (VIOLATED)
clkbuf_4_14_0_clk/X                      10     11        (VIOLATED)


max slew violations count Fastest: 0
max fanout violations count Fastest: 13
max cap violations count Fastest: 0
======================= Slowest Corner ===================================

max slew

Pin                                    Limit    Slew   Slack
------------------------------------------------------------
_2681_/Y                                0.75    0.81   -0.06 (VIOLATED)
_2707_/A                                0.75    0.81   -0.06 (VIOLATED)
max_cap63/A                             0.75    0.81   -0.06 (VIOLATED)

max fanout

Pin                                   Limit Fanout  Slack
---------------------------------------------------------
clkbuf_4_7_0_clk/X                       10     17     -7 (VIOLATED)
clkbuf_0_clk/X                           10     16     -6 (VIOLATED)
clkbuf_4_10_0_clk/X                      10     15     -5 (VIOLATED)
clkbuf_4_1_0_clk/X                       10     15     -5 (VIOLATED)
clkbuf_4_4_0_clk/X                       10     15     -5 (VIOLATED)
clkbuf_4_6_0_clk/X                       10     15     -5 (VIOLATED)
clkbuf_4_2_0_clk/X                       10     14     -4 (VIOLATED)
clkbuf_4_3_0_clk/X                       10     14     -4 (VIOLATED)
clkbuf_4_5_0_clk/X                       10     14     -4 (VIOLATED)
clkbuf_4_0_0_clk/X                       10     12     -2 (VIOLATED)
_2406_/X                                 10     11        (VIOLATED)
clkbuf_4_11_0_clk/X                      10     11        (VIOLATED)
clkbuf_4_14_0_clk/X                      10     11        (VIOLATED)


max slew violations count Slowest: 3
max fanout violations count Slowest: 13
max cap violations count Slowest: 0
======================= Typical Corner ===================================

max fanout

Pin                                   Limit Fanout  Slack
---------------------------------------------------------
clkbuf_4_7_0_clk/X                       10     17     -7 (VIOLATED)
clkbuf_0_clk/X                           10     16     -6 (VIOLATED)
clkbuf_4_10_0_clk/X                      10     15     -5 (VIOLATED)
clkbuf_4_1_0_clk/X                       10     15     -5 (VIOLATED)
clkbuf_4_4_0_clk/X                       10     15     -5 (VIOLATED)
clkbuf_4_6_0_clk/X                       10     15     -5 (VIOLATED)
clkbuf_4_2_0_clk/X                       10     14     -4 (VIOLATED)
clkbuf_4_3_0_clk/X                       10     14     -4 (VIOLATED)
clkbuf_4_5_0_clk/X                       10     14     -4 (VIOLATED)
clkbuf_4_0_0_clk/X                       10     12     -2 (VIOLATED)
_2406_/X                                 10     11        (VIOLATED)
clkbuf_4_11_0_clk/X                      10     11        (VIOLATED)
clkbuf_4_14_0_clk/X                      10     11        (VIOLATED)


max slew violations count Typical: 0
max fanout violations count Typical: 13
max cap violations count Typical: 0

===========================================================================
report_parasitic_annotation -report_unannotated
============================================================================
Found 15 unannotated drivers.
 clkload0/Y
 clkload1/Y
 clkload10/Y
 clkload11/Y
 clkload12/Y
 clkload13/Y
 clkload14/Y
 clkload2/Y
 clkload3/Y
 clkload4/Y
 clkload5/Y
 clkload6/Y
 clkload7/Y
 clkload8/Y
 clkload9/Y
Found 0 partially unannotated drivers.

===========================================================================
max slew violation count 3
max fanout violation count 13
max cap violation count 0
============================================================================

===========================================================================
check_setup -verbose -unconstrained_endpoints -multiple_clock -no_clock -no_input_delay -loops -generated_clocks
===========================================================================
