
===========================================================================
 report_power
============================================================================
======================= Fastest Corner ===================================

Group                  Internal  Switching    Leakage      Total
                          Power      Power      Power      Power (Watts)
----------------------------------------------------------------
Sequential             2.47e-03   1.20e-04   3.14e-09   2.59e-03  41.0%
Combinational          7.54e-04   8.66e-04   2.29e-08   1.62e-03  25.6%
Clock                  1.03e-03   1.08e-03   7.17e-09   2.11e-03  33.4%
Macro                  0.00e+00   0.00e+00   0.00e+00   0.00e+00   0.0%
Pad                    0.00e+00   0.00e+00   0.00e+00   0.00e+00   0.0%
----------------------------------------------------------------
Total                  4.25e-03   2.07e-03   3.33e-08   6.31e-03 100.0%
                          67.2%      32.8%       0.0%

======================= Slowest Corner ===================================

Group                  Internal  Switching    Leakage      Total
                          Power      Power      Power      Power (Watts)
----------------------------------------------------------------
Sequential             1.65e-03   7.82e-05   2.83e-06   1.73e-03  40.2%
Combinational          5.47e-04   5.70e-04   1.46e-05   1.13e-03  26.3%
Clock                  7.40e-04   6.97e-04   4.85e-07   1.44e-03  33.5%
Macro                  0.00e+00   0.00e+00   0.00e+00   0.00e+00   0.0%
Pad                    0.00e+00   0.00e+00   0.00e+00   0.00e+00   0.0%
----------------------------------------------------------------
Total                  2.93e-03   1.35e-03   1.79e-05   4.30e-03 100.0%
                          68.3%      31.3%       0.4%

======================= Typical Corner ===================================

Group                  Internal  Switching    Leakage      Total
                          Power      Power      Power      Power (Watts)
----------------------------------------------------------------
Sequential             2.12e-03   1.01e-04   1.66e-09   2.22e-03  40.9%
Combinational          6.75e-04   7.29e-04   1.24e-08   1.40e-03  25.8%
Clock                  9.01e-04   9.10e-04   6.01e-09   1.81e-03  33.3%
Macro                  0.00e+00   0.00e+00   0.00e+00   0.00e+00   0.0%
Pad                    0.00e+00   0.00e+00   0.00e+00   0.00e+00   0.0%
----------------------------------------------------------------
Total                  3.70e-03   1.74e-03   2.01e-08   5.44e-03 100.0%
                          68.0%      32.0%       0.0%

