
===========================================================================
 report_power
============================================================================
======================= Fastest Corner ===================================

Group                  Internal  Switching    Leakage      Total
                          Power      Power      Power      Power (Watts)
----------------------------------------------------------------
Sequential             2.46e-03   1.31e-04   3.14e-09   2.60e-03  40.2%
Combinational          7.54e-04   9.29e-04   2.29e-08   1.68e-03  26.1%
Clock                  1.03e-03   1.15e-03   7.17e-09   2.17e-03  33.7%
Macro                  0.00e+00   0.00e+00   0.00e+00   0.00e+00   0.0%
Pad                    0.00e+00   0.00e+00   0.00e+00   0.00e+00   0.0%
----------------------------------------------------------------
Total                  4.25e-03   2.21e-03   3.33e-08   6.45e-03 100.0%
                          65.8%      34.2%       0.0%

======================= Slowest Corner ===================================

Group                  Internal  Switching    Leakage      Total
                          Power      Power      Power      Power (Watts)
----------------------------------------------------------------
Sequential             1.65e-03   8.56e-05   2.83e-06   1.74e-03  39.5%
Combinational          5.47e-04   6.13e-04   1.46e-05   1.17e-03  26.7%
Clock                  7.40e-04   7.41e-04   4.85e-07   1.48e-03  33.7%
Macro                  0.00e+00   0.00e+00   0.00e+00   0.00e+00   0.0%
Pad                    0.00e+00   0.00e+00   0.00e+00   0.00e+00   0.0%
----------------------------------------------------------------
Total                  2.93e-03   1.44e-03   1.79e-05   4.39e-03 100.0%
                          66.8%      32.8%       0.4%

======================= Typical Corner ===================================

Group                  Internal  Switching    Leakage      Total
                          Power      Power      Power      Power (Watts)
----------------------------------------------------------------
Sequential             2.12e-03   1.10e-04   1.66e-09   2.23e-03  40.2%
Combinational          6.75e-04   7.83e-04   1.24e-08   1.46e-03  26.2%
Clock                  9.01e-04   9.66e-04   6.01e-09   1.87e-03  33.6%
Macro                  0.00e+00   0.00e+00   0.00e+00   0.00e+00   0.0%
Pad                    0.00e+00   0.00e+00   0.00e+00   0.00e+00   0.0%
----------------------------------------------------------------
Total                  3.70e-03   1.86e-03   2.01e-08   5.56e-03 100.0%
                          66.6%      33.4%       0.0%

